// Jest Snapshot v1, https://goo.gl/fbAQLP

exports[`Flyout defaults if bad flyout data 1`] = `
<EuiFlyout
  onClose={[MockFunction]}
/>
`;

exports[`Flyout renders null if no flyout 1`] = `""`;
